==================================================
Embedding 鏈嶅姟娴嬭瘯
==================================================
寮€濮嬫祴璇?embedding 鏈嶅姟...
浣跨敤閰嶇疆: name=bge-m3-0, url=http://192.168.132.149:9030/v1/embeddings
鉁?娴嬭瘯澶辫触: Illegal header value b'Bearer '
閿欒绫诲瀷: LocalProtocolError

寮€濮嬫祴璇曞苟鍙戣姹?..
鉁?骞跺彂娴嬭瘯澶辫触: Illegal header value b'Bearer '
閿欒绫诲瀷: LocalProtocolError

==================================================
娴嬭瘯缁撴灉:
鍗曚釜璇锋眰: 鉁?澶辫触
骞跺彂璇锋眰: 鉁?澶辫触

鉂?閮ㄥ垎娴嬭瘯澶辫触銆?
